ASxxxx Linker V03.00 + NoICE + sdld,  page 1.
Hexadecimal  [32-Bits]

Area                                    Addr        Size        Decimal Bytes (Attributes)
--------------------------------        ----        ----        ------- ----- ------------
.  .ABS.                            00000000    00000000 =           0. bytes (ABS,CON)

      Value  Global                              Global Defined In Module
      -----  --------------------------------   ------------------------
     00000000  .__.ABS.                           cpct_random
     00000000  l__DATA                         
     00000006  max_entities                       cpct_keyboard
     00000699  l__CODE                         
     00004000  s__CODE                         
     00004699  s__DATA                         
ASxxxx Linker V03.00 + NoICE + sdld,  page 2.
Hexadecimal  [32-Bits]

Area                                    Addr        Size        Decimal Bytes (Attributes)
--------------------------------        ----        ----        ------- ----- ------------
_CODE                               00004000    00000699 =        1689. bytes (REL,CON)

      Value  Global                              Global Defined In Module
      -----  --------------------------------   ------------------------
     0000400E  collider_update                    cpct_keyboard
     00004016  collider_one_pair                  cpct_keyboard
     0000402F  check_collision                    cpct_keyboard
     00004058  collider_check_type_iy             cpct_keyboard
     000040D6  collider_check_type_ix             cpct_keyboard
     00004167  _num_entities                      cpct_keyboard
     00004168  _last_elem_ptr                     cpct_keyboard
     0000416A  _entity_array                      cpct_keyboard
     000041B8  E_M_init                           cpct_keyboard
     000041C3  E_M_new                            cpct_keyboard
     000041D4  E_M_create                         cpct_keyboard
     000041E0  E_M_getEntityArray                 cpct_keyboard
     000041E8  E_M_for_all_matching               cpct_keyboard
     0000423B  E_M_for_all_pairs_matching         cpct_keyboard
     000042A9  enemy                              cpct_keyboard
     000042A9  t_enemy                            cpct_keyboard
     000042AA  cmp_enemy                          cpct_keyboard
     000042B5  enemy_col                          cpct_keyboard
     000042B6  player                             cpct_keyboard
     000042B6  t_player                           cpct_keyboard
     000042B7  cmp_player                         cpct_keyboard
     000042C2  player_col                         cpct_keyboard
     000042CD  man_game_init                      cpct_keyboard
     000042E6  man_game_entity_creator            cpct_keyboard
     000042EA  man_game_update                    cpct_keyboard
     00004303  man_game_render                    cpct_keyboard
     0000430A  man_game_end                       cpct_keyboard
     00004333  ia_update_one_entity               
     0000435B  ia_update                          
     0000436B  input_init                         cpct_keyboard
     0000436C  input_update                       cpct_keyboard
     00004374  input_update_one                   cpct_keyboard
     000043C2  _main                              cpct_keyboard
     000043D9  physics_sys_init                   cpct_keyboard
     000043DA  physics_sys_update                 cpct_keyboard
     000043E2  physics_sys_for_one                cpct_keyboard
     00004419  rendersys_init                     cpct_keyboard
     0000441A  rendersys_update                   cpct_keyboard
     0000441E  render_entities                    cpct_keyboard
     00004451  render_delete_entity               cpct_keyboard
     00004462  render_delete_static_entity        cpct_keyboard
     00004473  _cpct_isKeyPressed                 cpct_keyboard
     00004473  cpct_isKeyPressed_asm              cpct_keyboard
     0000447F  _cpct_scanKeyboard_f               cpct_keyboard
     0000447F  cpct_scanKeyboard_f_asm            cpct_keyboard
     000044E9  cpct_drawStringM0_asm              cpct_strings
     0000450F  cpct_drawCharM0_inner_asm          cpct_strings
     0000456F  dc_2pxtableM0                      cpct_strings
     00004573  _cpct_keyboardStatusBuffer         cpct_keyboard
     0000457D  _cpct_waitVSYNC                    cpct_video
ASxxxx Linker V03.00 + NoICE + sdld,  page 3.
Hexadecimal  [32-Bits]

Area                                    Addr        Size        Decimal Bytes (Attributes)
--------------------------------        ----        ----        ------- ----- ------------
_CODE                               00004000    00000699 =        1689. bytes (REL,CON)

      Value  Global                              Global Defined In Module
      -----  --------------------------------   ------------------------
     0000457D  cpct_waitVSYNC_asm                 cpct_video
     00004585  _cpct_disableFirmware              cpct_firmware
     00004585  _cpct_removeInterruptHandler       cpct_firmware
     00004585  cpct_disableFirmware_asm           cpct_firmware
     00004585  cpct_removeInterruptHandler_asm    cpct_firmware
     00004595  _cpct_getRandom_mxor_u8            cpct_random
     00004595  cpct_getRandom_mxor_u8_asm         cpct_random
     00004596  cpct_randomIdx_mxor_u8             cpct_random
     000045BA  cpct_drawSolidBox_asm              cpct_sprites
     0000465D  _cpct_mode_rom_status              cpct_firmware
     0000465E  cpct_getScreenPtr_asm              cpct_video
     00004672  _cpct_mxor32_seed                  cpct_random
     00004676  _cpct_nextRandom_mxor_u32          cpct_random
     00004676  cpct_nextRandom_mxor_u32_asm       cpct_random

ASxxxx Linker V03.00 + NoICE + sdld,  page 4.

Files Linked                              [ module(s) ]

obj/animation.h.rel                       [  ]
obj/animation.rel                         [  ]
obj/collider.h.rel                        [  ]
obj/collider.rel                          [ cpct_keyboard ]
obj/cpct_func.h.rel                       [  ]
obj/ejemplo.rel                           [  ]
obj/entity.h.rel                          [  ]
obj/entity.rel                            [ cpct_keyboard ]
obj/game.h.rel                            [  ]
obj/game.rel                              [ cpct_keyboard ]
obj/ia.h.rel                              [  ]
obj/ia.rel                                [  ]
obj/input.h.rel                           [  ]
obj/input.rel                             [ cpct_keyboard ]
obj/main.rel                              [ cpct_keyboard ]
obj/physics.h.rel                         [  ]
obj/physics.rel                           [ cpct_keyboard ]
obj/render.h.rel                          [  ]
obj/render.rel                            [ cpct_keyboard ]


Libraries Linked                          [ object file ]

/home/javiers/Escritorio/CPCtelera/cpctelera/cpctelera/cpctelera.lib
                                          [ cpct_isKeyPressed.rel ]
/home/javiers/Escritorio/CPCtelera/cpctelera/cpctelera/cpctelera.lib
                                          [ cpct_scanKeyboard_f.rel ]
/home/javiers/Escritorio/CPCtelera/cpctelera/cpctelera/cpctelera.lib
                                          [ cpct_drawStringM0_asmbindings.re ]
/home/javiers/Escritorio/CPCtelera/cpctelera/cpctelera/cpctelera.lib
                                          [ cpct_drawCharM0_inner.rel ]
/home/javiers/Escritorio/CPCtelera/cpctelera/cpctelera/cpctelera.lib
                                          [ keyboard.rel ]
/home/javiers/Escritorio/CPCtelera/cpctelera/cpctelera/cpctelera.lib
                                          [ cpct_waitVSYNC.rel ]
/home/javiers/Escritorio/CPCtelera/cpctelera/cpctelera/cpctelera.lib
                                          [ cpct_removeInterruptHandler.rel ]
/home/javiers/Escritorio/CPCtelera/cpctelera/cpctelera/cpctelera.lib
                                          [ cpct_getRandom_mxor_u8.rel ]
/home/javiers/Escritorio/CPCtelera/cpctelera/cpctelera/cpctelera.lib
                                          [ cpct_drawSolidBox_asmbindings.re ]
/home/javiers/Escritorio/CPCtelera/cpctelera/cpctelera/cpctelera.lib
                                          [ cpc_mode_rom_status.rel ]
/home/javiers/Escritorio/CPCtelera/cpctelera/cpctelera/cpctelera.lib
                                          [ cpct_getScreenPtr_asmbindings.re ]
/home/javiers/Escritorio/CPCtelera/cpctelera/cpctelera/cpctelera.lib
                                          [ cpct_mxor32_seed.rel ]
/home/javiers/Escritorio/CPCtelera/cpctelera/cpctelera/cpctelera.lib
                                          [ cpct_nextRandom_mxor_u32.rel ]

ASxxxx Linker V03.00 + NoICE + sdld,  page 5.

User Base Address Definitions

_CODE = 0x4000
_DATA = 0x0000

