ASxxxx Linker V03.00 + NoICE + sdld,  page 1.
Hexadecimal  [32-Bits]

Area                                    Addr        Size        Decimal Bytes (Attributes)
--------------------------------        ----        ----        ------- ----- ------------
.  .ABS.                            00000000    00000000 =           0. bytes (ABS,CON)

      Value  Global                              Global Defined In Module
      -----  --------------------------------   ------------------------
     00000000  .__.ABS.                           cpct_random
     00000000  l__DATA                         
     00000006  max_entities                       cpct_keyboard
     000006C5  l__CODE                         
     00004000  s__CODE                         
     000046C5  s__DATA                         
ASxxxx Linker V03.00 + NoICE + sdld,  page 2.
Hexadecimal  [32-Bits]

Area                                    Addr        Size        Decimal Bytes (Attributes)
--------------------------------        ----        ----        ------- ----- ------------
_CODE                               00004000    000006C5 =        1733. bytes (REL,CON)

      Value  Global                              Global Defined In Module
      -----  --------------------------------   ------------------------
     0000400E  collider_update                    cpct_keyboard
     00004016  collider_one_pair                  cpct_keyboard
     0000402F  check_collision                    cpct_keyboard
     00004058  collider_check_type_iy             cpct_keyboard
     000040D6  collider_check_type_ix             cpct_keyboard
     00004167  _num_entities                      cpct_keyboard
     00004168  _last_elem_ptr                     cpct_keyboard
     0000416A  _entity_array                      cpct_keyboard
     000041B8  E_M_init                           cpct_keyboard
     000041C3  E_M_new                            cpct_keyboard
     000041D4  E_M_create                         cpct_keyboard
     000041E0  E_M_getEntityArray                 cpct_keyboard
     000041E8  E_M_for_all_matching               cpct_keyboard
     0000423B  E_M_for_all_pairs_matching         cpct_keyboard
     000042AF  enemy                              cpct_keyboard
     000042AF  t_enemy                            cpct_keyboard
     000042B0  cmp_enemy                          cpct_keyboard
     000042BB  enemy_col                          cpct_keyboard
     000042BC  enemy2                             cpct_keyboard
     000042C9  player                             cpct_keyboard
     000042C9  t_player                           cpct_keyboard
     000042CA  cmp_player                         cpct_keyboard
     000042D5  player_col                         cpct_keyboard
     000042D6  caja                               cpct_keyboard
     000042D6  t_caja                             cpct_keyboard
     000042D7  cmp_caja                           cpct_keyboard
     000042E2  caja_col                           cpct_keyboard
     000042ED  man_game_init                      cpct_keyboard
     00004312  man_game_entity_creator            cpct_keyboard
     00004316  man_game_update                    cpct_keyboard
     0000432F  man_game_render                    cpct_keyboard
     00004336  man_game_end                       cpct_keyboard
     0000435F  ia_update_one_entity               
     00004387  ia_update                          
     00004397  input_init                         cpct_keyboard
     00004398  input_update                       cpct_keyboard
     000043A0  input_update_one                   cpct_keyboard
     000043EE  _main                              cpct_keyboard
     00004405  physics_sys_init                   cpct_keyboard
     00004406  physics_sys_update                 cpct_keyboard
     0000440E  physics_sys_for_one                cpct_keyboard
     00004445  rendersys_init                     cpct_keyboard
     00004446  rendersys_update                   cpct_keyboard
     0000444A  render_entities                    cpct_keyboard
     0000447D  render_delete_entity               cpct_keyboard
     0000448E  render_delete_static_entity        cpct_keyboard
     0000449F  _cpct_isKeyPressed                 cpct_keyboard
     0000449F  cpct_isKeyPressed_asm              cpct_keyboard
     000044AB  _cpct_scanKeyboard_f               cpct_keyboard
     000044AB  cpct_scanKeyboard_f_asm            cpct_keyboard
ASxxxx Linker V03.00 + NoICE + sdld,  page 3.
Hexadecimal  [32-Bits]

Area                                    Addr        Size        Decimal Bytes (Attributes)
--------------------------------        ----        ----        ------- ----- ------------
_CODE                               00004000    000006C5 =        1733. bytes (REL,CON)

      Value  Global                              Global Defined In Module
      -----  --------------------------------   ------------------------
     00004515  cpct_drawStringM0_asm              cpct_strings
     0000453B  cpct_drawCharM0_inner_asm          cpct_strings
     0000459B  dc_2pxtableM0                      cpct_strings
     0000459F  _cpct_keyboardStatusBuffer         cpct_keyboard
     000045A9  _cpct_waitVSYNC                    cpct_video
     000045A9  cpct_waitVSYNC_asm                 cpct_video
     000045B1  _cpct_disableFirmware              cpct_firmware
     000045B1  _cpct_removeInterruptHandler       cpct_firmware
     000045B1  cpct_disableFirmware_asm           cpct_firmware
     000045B1  cpct_removeInterruptHandler_asm    cpct_firmware
     000045C1  _cpct_getRandom_mxor_u8            cpct_random
     000045C1  cpct_getRandom_mxor_u8_asm         cpct_random
     000045C2  cpct_randomIdx_mxor_u8             cpct_random
     000045E6  cpct_drawSolidBox_asm              cpct_sprites
     00004689  _cpct_mode_rom_status              cpct_firmware
     0000468A  cpct_getScreenPtr_asm              cpct_video
     0000469E  _cpct_mxor32_seed                  cpct_random
     000046A2  _cpct_nextRandom_mxor_u32          cpct_random
     000046A2  cpct_nextRandom_mxor_u32_asm       cpct_random
ASxxxx Linker V03.00 + NoICE + sdld,  page 4.

Files Linked                              [ module(s) ]

obj/animation.h.rel                       [  ]
obj/animation.rel                         [  ]
obj/collider.h.rel                        [  ]
obj/collider.rel                          [ cpct_keyboard ]
obj/cpct_func.h.rel                       [  ]
obj/ejemplo.rel                           [  ]
obj/entity.h.rel                          [  ]
obj/entity.rel                            [ cpct_keyboard ]
obj/game.h.rel                            [  ]
obj/game.rel                              [ cpct_keyboard ]
obj/ia.h.rel                              [  ]
obj/ia.rel                                [  ]
obj/input.h.rel                           [  ]
obj/input.rel                             [ cpct_keyboard ]
obj/main.rel                              [ cpct_keyboard ]
obj/physics.h.rel                         [  ]
obj/physics.rel                           [ cpct_keyboard ]
obj/render.h.rel                          [  ]
obj/render.rel                            [ cpct_keyboard ]


Libraries Linked                          [ object file ]

/home/javiers/Escritorio/CPCtelera/cpctelera/cpctelera/cpctelera.lib
                                          [ cpct_isKeyPressed.rel ]
/home/javiers/Escritorio/CPCtelera/cpctelera/cpctelera/cpctelera.lib
                                          [ cpct_scanKeyboard_f.rel ]
/home/javiers/Escritorio/CPCtelera/cpctelera/cpctelera/cpctelera.lib
                                          [ cpct_drawStringM0_asmbindings.re ]
/home/javiers/Escritorio/CPCtelera/cpctelera/cpctelera/cpctelera.lib
                                          [ cpct_drawCharM0_inner.rel ]
/home/javiers/Escritorio/CPCtelera/cpctelera/cpctelera/cpctelera.lib
                                          [ keyboard.rel ]
/home/javiers/Escritorio/CPCtelera/cpctelera/cpctelera/cpctelera.lib
                                          [ cpct_waitVSYNC.rel ]
/home/javiers/Escritorio/CPCtelera/cpctelera/cpctelera/cpctelera.lib
                                          [ cpct_removeInterruptHandler.rel ]
/home/javiers/Escritorio/CPCtelera/cpctelera/cpctelera/cpctelera.lib
                                          [ cpct_getRandom_mxor_u8.rel ]
/home/javiers/Escritorio/CPCtelera/cpctelera/cpctelera/cpctelera.lib
                                          [ cpct_drawSolidBox_asmbindings.re ]
/home/javiers/Escritorio/CPCtelera/cpctelera/cpctelera/cpctelera.lib
                                          [ cpc_mode_rom_status.rel ]
/home/javiers/Escritorio/CPCtelera/cpctelera/cpctelera/cpctelera.lib
                                          [ cpct_getScreenPtr_asmbindings.re ]
/home/javiers/Escritorio/CPCtelera/cpctelera/cpctelera/cpctelera.lib
                                          [ cpct_mxor32_seed.rel ]
/home/javiers/Escritorio/CPCtelera/cpctelera/cpctelera/cpctelera.lib
                                          [ cpct_nextRandom_mxor_u32.rel ]

ASxxxx Linker V03.00 + NoICE + sdld,  page 5.

User Base Address Definitions

_CODE = 0x4000
_DATA = 0x0000

