ASxxxx Linker V03.00 + NoICE + sdld,  page 1.
Hexadecimal  [32-Bits]

Area                                    Addr        Size        Decimal Bytes (Attributes)
--------------------------------        ----        ----        ------- ----- ------------
.  .ABS.                            00000000    00000000 =           0. bytes (ABS,CON)

      Value  Global                              Global Defined In Module
      -----  --------------------------------   ------------------------
     00000000  .__.ABS.                           cpct_random
     00000000  l__DATA                         
     00000028  max_entities                       cpct_keyboard
     0000039D  l__CODE                         
     00004000  s__CODE                         
     0000439D  s__DATA                         
ASxxxx Linker V03.00 + NoICE + sdld,  page 2.
Hexadecimal  [32-Bits]

Area                                    Addr        Size        Decimal Bytes (Attributes)
--------------------------------        ----        ----        ------- ----- ------------
_CODE                               00004000    0000039D =         925. bytes (REL,CON)

      Value  Global                              Global Defined In Module
      -----  --------------------------------   ------------------------
     00004006  _num_entities                      cpct_keyboard
     00004007  _last_elem_ptr                     cpct_keyboard
     00004009  _entity_array                      cpct_keyboard
     00004171  E_M_init                           cpct_keyboard
     0000417C  E_M_new                            cpct_keyboard
     0000418D  E_M_create                         cpct_keyboard
     00004199  E_M_getEntityArray                 cpct_keyboard
     000041A1  E_M_for_all_matching               cpct_keyboard
     000041C1  enemy                              cpct_keyboard
     000041CA  player                             cpct_keyboard
     000041D3  man_game_init                      cpct_keyboard
     000041E9  man_game_entity_creator            cpct_keyboard
     000041ED  man_game_update                    cpct_keyboard
     000041F4  man_game_render                    cpct_keyboard
     000041FB  _main                              cpct_keyboard
     0000420C  esperar                            cpct_keyboard
     00004216  physics_sys_init                   cpct_keyboard
     00004217  physics_sys_update                 cpct_keyboard
     0000421F  physics_sys_for_one                cpct_keyboard
     0000423C  rendersys_init                     cpct_keyboard
     0000423D  rendersys_update                   cpct_keyboard
     00004241  render_entities                    cpct_keyboard
     00004281  _cpct_waitVSYNC                    cpct_video
     00004281  cpct_waitVSYNC_asm                 cpct_video
     00004289  _cpct_disableFirmware              cpct_firmware
     00004289  _cpct_removeInterruptHandler       cpct_firmware
     00004289  cpct_disableFirmware_asm           cpct_firmware
     00004289  cpct_removeInterruptHandler_asm    cpct_firmware
     00004299  _cpct_getRandom_mxor_u8            cpct_random
     00004299  cpct_getRandom_mxor_u8_asm         cpct_random
     0000429A  cpct_randomIdx_mxor_u8             cpct_random
     000042BE  cpct_drawSolidBox_asm              cpct_sprites
     00004361  _cpct_mode_rom_status              cpct_firmware
     00004362  cpct_getScreenPtr_asm              cpct_video
     00004376  _cpct_mxor32_seed                  cpct_random
     0000437A  _cpct_nextRandom_mxor_u32          cpct_random
     0000437A  cpct_nextRandom_mxor_u32_asm       cpct_random

ASxxxx Linker V03.00 + NoICE + sdld,  page 3.

Files Linked                              [ module(s) ]

obj/animation.h.rel                       [  ]
obj/animation.rel                         [  ]
obj/cpct_func.h.rel                       [  ]
obj/ejemplo.rel                           [  ]
obj/entity.h.rel                          [  ]
obj/entity.rel                            [ cpct_keyboard ]
obj/game.h.rel                            [  ]
obj/game.rel                              [ cpct_keyboard ]
obj/ia.h.rel                              [  ]
obj/ia.rel                                [  ]
obj/main.rel                              [ cpct_keyboard ]
obj/physics.h.rel                         [  ]
obj/physics.rel                           [ cpct_keyboard ]
obj/render.h.rel                          [  ]
obj/render.rel                            [ cpct_keyboard ]


Libraries Linked                          [ object file ]

/home/alba/Documentos/repo_cpctelera/cpctelera/cpctelera/cpctelera.lib
                                          [ cpct_waitVSYNC.rel ]
/home/alba/Documentos/repo_cpctelera/cpctelera/cpctelera/cpctelera.lib
                                          [ cpct_removeInterruptHandler.rel ]
/home/alba/Documentos/repo_cpctelera/cpctelera/cpctelera/cpctelera.lib
                                          [ cpct_getRandom_mxor_u8.rel ]
/home/alba/Documentos/repo_cpctelera/cpctelera/cpctelera/cpctelera.lib
                                          [ cpct_drawSolidBox_asmbindings.re ]
/home/alba/Documentos/repo_cpctelera/cpctelera/cpctelera/cpctelera.lib
                                          [ cpc_mode_rom_status.rel ]
/home/alba/Documentos/repo_cpctelera/cpctelera/cpctelera/cpctelera.lib
                                          [ cpct_getScreenPtr_asmbindings.re ]
/home/alba/Documentos/repo_cpctelera/cpctelera/cpctelera/cpctelera.lib
                                          [ cpct_mxor32_seed.rel ]
/home/alba/Documentos/repo_cpctelera/cpctelera/cpctelera/cpctelera.lib
                                          [ cpct_nextRandom_mxor_u32.rel ]

ASxxxx Linker V03.00 + NoICE + sdld,  page 4.

User Base Address Definitions

_CODE = 0x4000
_DATA = 0x0000

