ASxxxx Linker V03.00 + NoICE + sdld,  page 1.
Hexadecimal  [32-Bits]

Area                                    Addr        Size        Decimal Bytes (Attributes)
--------------------------------        ----        ----        ------- ----- ------------
.  .ABS.                            00000000    00000000 =           0. bytes (ABS,CON)

      Value  Global                              Global Defined In Module
      -----  --------------------------------   ------------------------
     00000000  .__.ABS.                           cpct_random
     00000000  l__DATA                         
     00000006  max_entities                       cpct_keyboard
     000006F1  l__CODE                         
     00004000  s__CODE                         
     000046F1  s__DATA                         
ASxxxx Linker V03.00 + NoICE + sdld,  page 2.
Hexadecimal  [32-Bits]

Area                                    Addr        Size        Decimal Bytes (Attributes)
--------------------------------        ----        ----        ------- ----- ------------
_CODE                               00004000    000006F1 =        1777. bytes (REL,CON)

      Value  Global                              Global Defined In Module
      -----  --------------------------------   ------------------------
     0000400E  collider_update                    cpct_keyboard
     00004016  collider_one_pair                  cpct_keyboard
     0000402F  check_collision                    cpct_keyboard
     00004058  collider_check_type_iy             cpct_keyboard
     000040D6  collider_check_type_ix             cpct_keyboard
     0000417E  _num_entities                      cpct_keyboard
     0000417F  _last_elem_ptr                     cpct_keyboard
     00004181  _entity_array                      cpct_keyboard
     000041CF  E_M_init                           cpct_keyboard
     000041DA  E_M_new                            cpct_keyboard
     000041EB  E_M_create                         cpct_keyboard
     000041F7  E_M_getEntityArray                 cpct_keyboard
     000041FF  E_M_for_all_matching               cpct_keyboard
     00004252  E_M_for_all_pairs_matching         cpct_keyboard
     000042C6  enemy                              cpct_keyboard
     000042C6  t_enemy                            cpct_keyboard
     000042C7  cmp_enemy                          cpct_keyboard
     000042D2  enemy_col                          cpct_keyboard
     000042D3  enemy2                             cpct_keyboard
     000042E0  player                             cpct_keyboard
     000042E0  t_player                           cpct_keyboard
     000042E1  cmp_player                         cpct_keyboard
     000042EC  player_col                         cpct_keyboard
     000042ED  caja                               cpct_keyboard
     000042ED  t_caja                             cpct_keyboard
     000042EE  cmp_caja                           cpct_keyboard
     000042F9  caja_col                           cpct_keyboard
     00004304  man_game_init                      cpct_keyboard
     00004329  man_game_entity_creator            cpct_keyboard
     0000432D  man_game_update                    cpct_keyboard
     00004346  man_game_render                    cpct_keyboard
     0000434D  man_game_end                       cpct_keyboard
     00004376  ia_update_one_entity               
     000043A9  ia_update                          
     000043B9  input_init                         cpct_keyboard
     000043BA  input_update                       cpct_keyboard
     000043C2  input_update_one                   cpct_keyboard
     0000441A  _main                              cpct_keyboard
     00004431  physics_sys_init                   cpct_keyboard
     00004432  physics_sys_update                 cpct_keyboard
     0000443A  physics_sys_for_one                cpct_keyboard
     00004471  rendersys_init                     cpct_keyboard
     00004472  rendersys_update                   cpct_keyboard
     00004476  render_entities                    cpct_keyboard
     000044A9  render_delete_entity               cpct_keyboard
     000044BA  render_delete_static_entity        cpct_keyboard
     000044CB  _cpct_isKeyPressed                 cpct_keyboard
     000044CB  cpct_isKeyPressed_asm              cpct_keyboard
     000044D7  _cpct_scanKeyboard_f               cpct_keyboard
     000044D7  cpct_scanKeyboard_f_asm            cpct_keyboard
ASxxxx Linker V03.00 + NoICE + sdld,  page 3.
Hexadecimal  [32-Bits]

Area                                    Addr        Size        Decimal Bytes (Attributes)
--------------------------------        ----        ----        ------- ----- ------------
_CODE                               00004000    000006F1 =        1777. bytes (REL,CON)

      Value  Global                              Global Defined In Module
      -----  --------------------------------   ------------------------
     00004541  cpct_drawStringM0_asm              cpct_strings
     00004567  cpct_drawCharM0_inner_asm          cpct_strings
     000045C7  dc_2pxtableM0                      cpct_strings
     000045CB  _cpct_keyboardStatusBuffer         cpct_keyboard
     000045D5  _cpct_waitVSYNC                    cpct_video
     000045D5  cpct_waitVSYNC_asm                 cpct_video
     000045DD  _cpct_disableFirmware              cpct_firmware
     000045DD  _cpct_removeInterruptHandler       cpct_firmware
     000045DD  cpct_disableFirmware_asm           cpct_firmware
     000045DD  cpct_removeInterruptHandler_asm    cpct_firmware
     000045ED  _cpct_getRandom_mxor_u8            cpct_random
     000045ED  cpct_getRandom_mxor_u8_asm         cpct_random
     000045EE  cpct_randomIdx_mxor_u8             cpct_random
     00004612  cpct_drawSolidBox_asm              cpct_sprites
     000046B5  _cpct_mode_rom_status              cpct_firmware
     000046B6  cpct_getScreenPtr_asm              cpct_video
     000046CA  _cpct_mxor32_seed                  cpct_random
     000046CE  _cpct_nextRandom_mxor_u32          cpct_random
     000046CE  cpct_nextRandom_mxor_u32_asm       cpct_random
ASxxxx Linker V03.00 + NoICE + sdld,  page 4.

Files Linked                              [ module(s) ]

obj/animation.h.rel                       [  ]
obj/animation.rel                         [  ]
obj/collider.h.rel                        [  ]
obj/collider.rel                          [ cpct_keyboard ]
obj/cpct_func.h.rel                       [  ]
obj/ejemplo.rel                           [  ]
obj/entity.h.rel                          [  ]
obj/entity.rel                            [ cpct_keyboard ]
obj/game.h.rel                            [  ]
obj/game.rel                              [ cpct_keyboard ]
obj/ia.h.rel                              [  ]
obj/ia.rel                                [  ]
obj/input.h.rel                           [  ]
obj/input.rel                             [ cpct_keyboard ]
obj/main.rel                              [ cpct_keyboard ]
obj/physics.h.rel                         [  ]
obj/physics.rel                           [ cpct_keyboard ]
obj/render.h.rel                          [  ]
obj/render.rel                            [ cpct_keyboard ]


Libraries Linked                          [ object file ]

/home/miguel/Documentos/CPCetelera/cpctelera/cpctelera/cpctelera.lib
                                          [ cpct_isKeyPressed.rel ]
/home/miguel/Documentos/CPCetelera/cpctelera/cpctelera/cpctelera.lib
                                          [ cpct_scanKeyboard_f.rel ]
/home/miguel/Documentos/CPCetelera/cpctelera/cpctelera/cpctelera.lib
                                          [ cpct_drawStringM0_asmbindings.re ]
/home/miguel/Documentos/CPCetelera/cpctelera/cpctelera/cpctelera.lib
                                          [ cpct_drawCharM0_inner.rel ]
/home/miguel/Documentos/CPCetelera/cpctelera/cpctelera/cpctelera.lib
                                          [ keyboard.rel ]
/home/miguel/Documentos/CPCetelera/cpctelera/cpctelera/cpctelera.lib
                                          [ cpct_waitVSYNC.rel ]
/home/miguel/Documentos/CPCetelera/cpctelera/cpctelera/cpctelera.lib
                                          [ cpct_removeInterruptHandler.rel ]
/home/miguel/Documentos/CPCetelera/cpctelera/cpctelera/cpctelera.lib
                                          [ cpct_getRandom_mxor_u8.rel ]
/home/miguel/Documentos/CPCetelera/cpctelera/cpctelera/cpctelera.lib
                                          [ cpct_drawSolidBox_asmbindings.re ]
/home/miguel/Documentos/CPCetelera/cpctelera/cpctelera/cpctelera.lib
                                          [ cpc_mode_rom_status.rel ]
/home/miguel/Documentos/CPCetelera/cpctelera/cpctelera/cpctelera.lib
                                          [ cpct_getScreenPtr_asmbindings.re ]
/home/miguel/Documentos/CPCetelera/cpctelera/cpctelera/cpctelera.lib
                                          [ cpct_mxor32_seed.rel ]
/home/miguel/Documentos/CPCetelera/cpctelera/cpctelera/cpctelera.lib
                                          [ cpct_nextRandom_mxor_u32.rel ]

ASxxxx Linker V03.00 + NoICE + sdld,  page 5.

User Base Address Definitions

_CODE = 0x4000
_DATA = 0x0000

